=== pipeline_runner starting for prediction #19 ===
cwd: D:\Downloads\livestock_monitoring_flask_app\livestock_monitoring_flask_app
video: D:\Downloads\livestock_monitoring_flask_app\livestock_monitoring_flask_app\media\videos\1_1791203007_4631b8_665.mp4 exists=True
out_video target: D:\Downloads\livestock_monitoring_flask_app\livestock_monitoring_flask_app\media\outputs\out_19.mp4
Telegram callback loaded
[pipeline 17:53:56] START pid=19
[pipeline 17:53:56] video     = D:\Downloads\livestock_monitoring_flask_app\livestock_monitoring_flask_app\media\videos\1_1791203007_4631b8_665.mp4  exists=True
[pipeline 17:53:56] left      = D:\Downloads\livestock_monitoring_flask_app\livestock_monitoring_flask_app\media\audio\1_1791203007_4631b8_L_high2.mp3
[pipeline 17:53:56] right     = D:\Downloads\livestock_monitoring_flask_app\livestock_monitoring_flask_app\media\audio\1_1791203007_4631b8_R_low.mp3
[pipeline 17:53:56] out_video = D:\Downloads\livestock_monitoring_flask_app\livestock_monitoring_flask_app\media\outputs\out_19.mp4
[pipeline 17:53:56] Loading YOLO model: D:\Downloads\livestock_monitoring_flask_app\livestock_monitoring_flask_app\cattle.pt  exists=True
[pipeline 17:53:56] YOLO loaded OK
[pipeline 17:53:57] DeepSORT ready
[pipeline 17:53:57] Loading LEFT audio: D:\Downloads\livestock_monitoring_flask_app\livestock_monitoring_flask_app\media\audio\1_1791203007_4631b8_L_high2.mp3
[pipeline 17:53:57] Loading RIGHT audio: D:\Downloads\livestock_monitoring_flask_app\livestock_monitoring_flask_app\media\audio\1_1791203007_4631b8_R_low.mp3
[pipeline 17:53:57] Audio OK: 6 windows
[pipeline 17:53:57] Fusion weights: video=0.65 audio=0.35
[pipeline 17:53:57] Video opened: fps=25.00  frames=250
[pipeline 17:53:57] VideoWriter ready → D:\Downloads\livestock_monitoring_flask_app\livestock_monitoring_flask_app\media\outputs\out_19.mp4
[pipeline 17:53:58] OpenCV window opened
C:\Users\ADMIN\AppData\Local\Programs\Python\Python39\lib\site-packages\torch\functional.py:445: UserWarning: torch.meshgrid: in an upcoming release, it will be required to pass the indexing argument. (Triggered internally at  ..\aten\src\ATen\native\TensorShape.cpp:2157.)
  return _VF.meshgrid(tensors, **kwargs)  # type: ignore[attr-defined]
[pipeline 17:54:22] frame 30/250  active=7  cows_total=7
[pipeline 17:54:38] ALERT ABNORMAL_VOCALIZATION: Abnormal vocalization on LEFT side
[pipeline 17:54:54] frame 60/250  active=8  cows_total=8
[pipeline 17:55:18] frame 90/250  active=8  cows_total=8
[pipeline 17:55:42] frame 120/250  active=8  cows_total=8
[pipeline 17:56:06] frame 150/250  active=9  cows_total=9
[pipeline 17:56:31] frame 180/250  active=9  cows_total=10
[pipeline 17:56:56] frame 210/250  active=9  cows_total=10
[pipeline 17:57:24] frame 240/250  active=10  cows_total=11
[pipeline 17:57:35] ffmpeg not found on PATH — output may not play in browsers
[pipeline 17:57:35] Video file size on disk: 5931627 bytes
[pipeline 17:57:35] DONE pid=19 cows=11 alerts=1
PIPELINE_RESULT: {'total_cows': 11, 'total_alerts': 1, 'user_quit': False}
OUTPUT SIZES: {'video': 5931627, 'csv': 5179, 'html': 249}
=== pipeline_runner finished ===
