D:\Downloads\livestock_monitoring_flask_app\livestock_monitoring_flask_app\media\videos
D:\Downloads\livestock_monitoring_flask_app\livestock_monitoring_flask_app\media\audio
D:\Downloads\livestock_monitoring_flask_app\livestock_monitoring_flask_app\media\outputs
D:\Downloads\livestock_monitoring_flask_app\livestock_monitoring_flask_app\media\frames
D:\Downloads\livestock_monitoring_flask_app\livestock_monitoring_flask_app\reports
D:\Downloads\livestock_monitoring_flask_app\livestock_monitoring_flask_app\logs
D:\Downloads\livestock_monitoring_flask_app\livestock_monitoring_flask_app\instance
=== pipeline_runner starting for prediction #4 ===
cwd: D:\Downloads\livestock_monitoring_flask_app\livestock_monitoring_flask_app
video: D:\Downloads\livestock_monitoring_flask_app\livestock_monitoring_flask_app\media\videos\2_1791316892_920167_667.mp4 exists=True
out_video target: D:\Downloads\livestock_monitoring_flask_app\livestock_monitoring_flask_app\media\outputs\out_4.mp4
Telegram callback loaded
[pipeline 01:31:39] START pid=4
[pipeline 01:31:39] video     = D:\Downloads\livestock_monitoring_flask_app\livestock_monitoring_flask_app\media\videos\2_1791316892_920167_667.mp4  exists=True
[pipeline 01:31:39] left      = D:\Downloads\livestock_monitoring_flask_app\livestock_monitoring_flask_app\media\audio\2_1791316892_920167_L_high1.mp3
[pipeline 01:31:39] right     = D:\Downloads\livestock_monitoring_flask_app\livestock_monitoring_flask_app\media\audio\2_1791316892_920167_R_high2.mp3
[pipeline 01:31:39] out_video = D:\Downloads\livestock_monitoring_flask_app\livestock_monitoring_flask_app\media\outputs\out_4.mp4
[pipeline 01:31:39] Loading YOLO model: D:\Downloads\livestock_monitoring_flask_app\livestock_monitoring_flask_app\cattle.pt  exists=True
[pipeline 01:31:39] YOLO loaded OK
[pipeline 01:31:39] DeepSORT ready
[pipeline 01:31:39] Loading LEFT audio: D:\Downloads\livestock_monitoring_flask_app\livestock_monitoring_flask_app\media\audio\2_1791316892_920167_L_high1.mp3
[pipeline 01:31:39] Loading RIGHT audio: D:\Downloads\livestock_monitoring_flask_app\livestock_monitoring_flask_app\media\audio\2_1791316892_920167_R_high2.mp3
[pipeline 01:31:39] Audio OK: 3 windows
[pipeline 01:31:39] Fusion weights: video=0.65 audio=0.35
[pipeline 01:31:39] Video opened: fps=25.00  frames=250
[pipeline 01:31:39] VideoWriter ready → D:\Downloads\livestock_monitoring_flask_app\livestock_monitoring_flask_app\media\outputs\out_4.mp4
[pipeline 01:31:39] OpenCV window opened
C:\Users\ADMIN\AppData\Local\Programs\Python\Python39\lib\site-packages\torch\functional.py:445: UserWarning: torch.meshgrid: in an upcoming release, it will be required to pass the indexing argument. (Triggered internally at  ..\aten\src\ATen\native\TensorShape.cpp:2157.)
  return _VF.meshgrid(tensors, **kwargs)  # type: ignore[attr-defined]
[pipeline 01:32:06] frame 30/250  active=9  cows_total=9
[pipeline 01:32:31] frame 60/250  active=9  cows_total=9
[pipeline 01:32:56] frame 90/250  active=9  cows_total=9
[pipeline 01:33:20] frame 120/250  active=9  cows_total=9
[pipeline 01:33:46] frame 150/250  active=11  cows_total=12
[pipeline 01:34:13] User pressed Q — stopping early.
[pipeline 01:34:13] Re-encoding for browser: C:\ffmpeg\bin\ffmpeg.EXE -y -i D:\Downloads\livestock_monitoring_flask_app\livestock_monitoring_flask_app\media\outputs\out_4.mp4 -c:v libx264 -preset fast -crf 23 -pix_fmt yuv420p -movflags +faststart -an D:\Downloads\livestock_monitoring_flask_app\livestock_monitoring_flask_app\media\outputs\out_4_h264.mp4
[pipeline 01:34:14] re-encoded OK → D:\Downloads\livestock_monitoring_flask_app\livestock_monitoring_flask_app\media\outputs\out_4.mp4 (1066373 bytes)
[pipeline 01:34:14] Video file size on disk: 1066373 bytes
[pipeline 01:34:14] DONE pid=4 cows=12 alerts=0
PIPELINE_RESULT: {'total_cows': 12, 'total_alerts': 0, 'user_quit': True}
OUTPUT SIZES: {'video': 1066373, 'csv': 4144, 'html': 172}
=== pipeline_runner finished ===
