=== pipeline_runner starting for prediction #18 ===
cwd: D:\Downloads\livestock_monitoring_flask_app\livestock_monitoring_flask_app
video: D:\Downloads\livestock_monitoring_flask_app\livestock_monitoring_flask_app\media\videos\1_1791201854_ceef2b_665.mp4 exists=True
out_video target: D:\Downloads\livestock_monitoring_flask_app\livestock_monitoring_flask_app\media\outputs\out_18.mp4
Telegram callback loaded
[pipeline 17:34:23] START pid=18
[pipeline 17:34:23] video     = D:\Downloads\livestock_monitoring_flask_app\livestock_monitoring_flask_app\media\videos\1_1791201854_ceef2b_665.mp4  exists=True
[pipeline 17:34:23] left      = D:\Downloads\livestock_monitoring_flask_app\livestock_monitoring_flask_app\media\audio\1_1791201854_ceef2b_L_high.mp3
[pipeline 17:34:23] right     = D:\Downloads\livestock_monitoring_flask_app\livestock_monitoring_flask_app\media\audio\1_1791201854_ceef2b_R_low.mp3
[pipeline 17:34:23] out_video = D:\Downloads\livestock_monitoring_flask_app\livestock_monitoring_flask_app\media\outputs\out_18.mp4
[pipeline 17:34:23] Loading YOLO model: D:\Downloads\livestock_monitoring_flask_app\livestock_monitoring_flask_app\cattle.pt  exists=True
[pipeline 17:34:23] YOLO loaded OK
[pipeline 17:34:24] DeepSORT ready
[pipeline 17:34:24] Loading LEFT audio: D:\Downloads\livestock_monitoring_flask_app\livestock_monitoring_flask_app\media\audio\1_1791201854_ceef2b_L_high.mp3
[pipeline 17:34:24] Loading RIGHT audio: D:\Downloads\livestock_monitoring_flask_app\livestock_monitoring_flask_app\media\audio\1_1791201854_ceef2b_R_low.mp3
[pipeline 17:34:24] Audio OK: 6 windows
[pipeline 17:34:24] Fusion weights: video=0.65 audio=0.35
[pipeline 17:34:24] Video opened: fps=25.00  frames=250
[pipeline 17:34:24] VideoWriter ready → D:\Downloads\livestock_monitoring_flask_app\livestock_monitoring_flask_app\media\outputs\out_18.mp4
[pipeline 17:34:24] OpenCV window opened
C:\Users\ADMIN\AppData\Local\Programs\Python\Python39\lib\site-packages\torch\functional.py:445: UserWarning: torch.meshgrid: in an upcoming release, it will be required to pass the indexing argument. (Triggered internally at  ..\aten\src\ATen\native\TensorShape.cpp:2157.)
  return _VF.meshgrid(tensors, **kwargs)  # type: ignore[attr-defined]
[pipeline 17:34:45] ALERT ABNORMAL_VOCALIZATION: Abnormal vocalization on LEFT side
[pipeline 17:35:00] frame 30/250  active=7  cows_total=7
[pipeline 17:35:22] frame 60/250  active=8  cows_total=8
[pipeline 17:35:46] frame 90/250  active=8  cows_total=8
[pipeline 17:36:10] frame 120/250  active=8  cows_total=8
[pipeline 17:36:34] frame 150/250  active=9  cows_total=9
[pipeline 17:36:59] frame 180/250  active=9  cows_total=10
[pipeline 17:37:24] frame 210/250  active=9  cows_total=10
[pipeline 17:37:52] frame 240/250  active=10  cows_total=11
[pipeline 17:38:03] ffmpeg not found on PATH — output may not play in browsers
[pipeline 17:38:03] Video file size on disk: 5932749 bytes
[pipeline 17:38:03] DONE pid=18 cows=11 alerts=1
PIPELINE_RESULT: {'total_cows': 11, 'total_alerts': 1, 'user_quit': False}
OUTPUT SIZES: {'video': 5932749, 'csv': 5179, 'html': 249}
=== pipeline_runner finished ===
