
A module that was compiled using NumPy 1.x cannot be run in
NumPy 2.0.2 as it may crash. To support both 1.x and 2.x
versions of NumPy, modules must be compiled with NumPy 2.0.
Some module may need to rebuild instead e.g. with 'pybind11>=2.12'.

If you are a user of the module, the easiest solution will be to
downgrade to 'numpy<2' or try to upgrade the affected module.
We expect that some modules will need time to support NumPy 2.

Traceback (most recent call last):  File "D:\Downloads\livestock_monitoring_flask_app\livestock_monitoring_flask_app\pipeline_runner.py", line 5, in <module>
    from pipeline import run as pipeline_run
  File "D:\Downloads\livestock_monitoring_flask_app\livestock_monitoring_flask_app\pipeline.py", line 8, in <module>
    import cv2
  File "C:\Users\ADMIN\AppData\Local\Programs\Python\Python39\lib\site-packages\cv2\__init__.py", line 181, in <module>
    bootstrap()
  File "C:\Users\ADMIN\AppData\Local\Programs\Python\Python39\lib\site-packages\cv2\__init__.py", line 153, in bootstrap
    native_module = importlib.import_module("cv2")
  File "C:\Users\ADMIN\AppData\Local\Programs\Python\Python39\lib\importlib\__init__.py", line 127, in import_module
    return _bootstrap._gcd_import(name[level:], package, level)
AttributeError: _ARRAY_API not found
Traceback (most recent call last):
  File "D:\Downloads\livestock_monitoring_flask_app\livestock_monitoring_flask_app\pipeline_runner.py", line 5, in <module>
    from pipeline import run as pipeline_run
  File "D:\Downloads\livestock_monitoring_flask_app\livestock_monitoring_flask_app\pipeline.py", line 8, in <module>
    import cv2
  File "C:\Users\ADMIN\AppData\Local\Programs\Python\Python39\lib\site-packages\cv2\__init__.py", line 181, in <module>
    bootstrap()
  File "C:\Users\ADMIN\AppData\Local\Programs\Python\Python39\lib\site-packages\cv2\__init__.py", line 153, in bootstrap
    native_module = importlib.import_module("cv2")
  File "C:\Users\ADMIN\AppData\Local\Programs\Python\Python39\lib\importlib\__init__.py", line 127, in import_module
    return _bootstrap._gcd_import(name[level:], package, level)
ImportError: numpy.core.multiarray failed to import
