D:\Downloads\livestock_monitoring_flask_app\livestock_monitoring_flask_app\media\videos
D:\Downloads\livestock_monitoring_flask_app\livestock_monitoring_flask_app\media\audio
D:\Downloads\livestock_monitoring_flask_app\livestock_monitoring_flask_app\media\outputs
D:\Downloads\livestock_monitoring_flask_app\livestock_monitoring_flask_app\media\frames
D:\Downloads\livestock_monitoring_flask_app\livestock_monitoring_flask_app\reports
D:\Downloads\livestock_monitoring_flask_app\livestock_monitoring_flask_app\logs
D:\Downloads\livestock_monitoring_flask_app\livestock_monitoring_flask_app\instance
=== pipeline_runner starting for prediction #2 ===
cwd: D:\Downloads\livestock_monitoring_flask_app\livestock_monitoring_flask_app
video: D:\Downloads\livestock_monitoring_flask_app\livestock_monitoring_flask_app\media\videos\2_1791308526_c80ff6_669.mp4 exists=True
out_video target: D:\Downloads\livestock_monitoring_flask_app\livestock_monitoring_flask_app\media\outputs\out_2.mp4
Telegram callback loaded
[pipeline 23:12:32] START pid=2
[pipeline 23:12:32] video     = D:\Downloads\livestock_monitoring_flask_app\livestock_monitoring_flask_app\media\videos\2_1791308526_c80ff6_669.mp4  exists=True
[pipeline 23:12:32] left      = None
[pipeline 23:12:32] right     = None
[pipeline 23:12:32] out_video = D:\Downloads\livestock_monitoring_flask_app\livestock_monitoring_flask_app\media\outputs\out_2.mp4
[pipeline 23:12:32] Loading YOLO model: D:\Downloads\livestock_monitoring_flask_app\livestock_monitoring_flask_app\cattle.pt  exists=True
[pipeline 23:12:32] YOLO loaded OK
[pipeline 23:12:34] DeepSORT ready
[pipeline 23:12:34] Loading audio from video: D:\Downloads\livestock_monitoring_flask_app\livestock_monitoring_flask_app\media\videos\2_1791308526_c80ff6_669.mp4
C:\Users\ADMIN\AppData\Local\Programs\Python\Python39\lib\site-packages\librosa\util\decorators.py:88: UserWarning: PySoundFile failed. Trying audioread instead.
  return f(*args, **kwargs)
[pipeline 23:12:35] Audio OK: 11 windows
[pipeline 23:12:35] Fusion weights: video=0.65 audio=0.35
[pipeline 23:12:36] Video opened: fps=25.00  frames=250
[pipeline 23:12:36] VideoWriter ready → D:\Downloads\livestock_monitoring_flask_app\livestock_monitoring_flask_app\media\outputs\out_2.mp4
[pipeline 23:12:36] OpenCV window opened
C:\Users\ADMIN\AppData\Local\Programs\Python\Python39\lib\site-packages\torch\functional.py:445: UserWarning: torch.meshgrid: in an upcoming release, it will be required to pass the indexing argument. (Triggered internally at  ..\aten\src\ATen\native\TensorShape.cpp:2157.)
  return _VF.meshgrid(tensors, **kwargs)  # type: ignore[attr-defined]
[pipeline 23:13:03] frame 30/250  active=9  cows_total=9
[pipeline 23:13:41] frame 60/250  active=8  cows_total=9
[pipeline 23:14:12] frame 90/250  active=8  cows_total=9
[pipeline 23:14:42] frame 120/250  active=8  cows_total=9
[pipeline 23:15:22] frame 150/250  active=10  cows_total=11
[pipeline 23:15:48] frame 180/250  active=10  cows_total=11
[pipeline 23:16:16] frame 210/250  active=10  cows_total=11
[pipeline 23:16:44] frame 240/250  active=9  cows_total=11
[pipeline 23:16:55] Re-encoding for browser: C:\ffmpeg\bin\ffmpeg.EXE -y -i D:\Downloads\livestock_monitoring_flask_app\livestock_monitoring_flask_app\media\outputs\out_2.mp4 -c:v libx264 -preset fast -crf 23 -pix_fmt yuv420p -movflags +faststart -an D:\Downloads\livestock_monitoring_flask_app\livestock_monitoring_flask_app\media\outputs\out_2_h264.mp4
[pipeline 23:16:56] re-encoded OK → D:\Downloads\livestock_monitoring_flask_app\livestock_monitoring_flask_app\media\outputs\out_2.mp4 (1376769 bytes)
[pipeline 23:16:56] Video file size on disk: 1376769 bytes
[pipeline 23:16:56] DONE pid=2 cows=11 alerts=0
PIPELINE_RESULT: {'total_cows': 11, 'total_alerts': 0, 'user_quit': False}
OUTPUT SIZES: {'video': 1376769, 'csv': 5367, 'html': 172}
=== pipeline_runner finished ===
